EDITOR_CONFIG loaded editor_config.json — 16 actions, grid_snap=1
CINE eye Vec3(44.0, 14.0, 44.0)->Vec3(44.0, 14.0, 44.0) aim Vec3(32.5, 2.0, 29.5)->Vec3(32.5, 2.0, 29.5) secs=1 start=1 exit=None
AI_MODE tactics (perception + squad pass)
SETTINGS loaded settings.json
STORY_LOAD ok path=assets/story/act1.json quests=5 npcs=3 dialogues=12 regions=9
BLOCK_ART tile_px=64 != 16 — file set ignored, procedural tiles kept
MAP_LOAD ok path=maps/edhari.json name="edhari" blocks=9537 size=2x2 chunks
MESH_PATH split (one mesh + material per block type)
MAP_APPLY set=9537 skipped=0 total_quads=9262
QUEST_INIT start=q1_embers
QUEST_INIT quests_loaded=5
ENEMY_SPAWN kind=sentinel parts=30 height=3.38b feet=(32.0,1.0,25.0) yaw=0.00
HUSK2_SPAWN kind=sentinel at (32.0,1.0,25.0)
SPAWN_ENCOUNTER husk at (32.0,_,25.0) on Edhari surface
SPAWN_GROUND col=(32,32) top=0 feet=1 => PASS
SCENE_READY source=maps/edhari.json spawn=(32.5,2.6,32.5) surface=0 campfire=(32.5,1.0,29.5)
QUEST_LOAD ok path=quest_save.json flags=6 quests=1
SPAWN_NPC id=maren name="Elder Maren" pos=(32,2,4)
SPAWN_NPC id=toma name="Toma" pos=(16,1.5,24)
ENTER_PLAY
AUDIO_PLAY:audio/music_theme.wav t=0.00 pos=(non-spatial)
AUDIO_PLAY:audio/ambient_wind.wav t=0.00 pos=(omnipresent)
AUDIO_PLAY:audio/ambient_campfire.wav t=0.00 pos=(32.5,1.0,29.5)
AUDIO_PLAY:audio/ambient_village.wav t=0.00 pos=(47.5,2.6,22.5)
QUEST_FEEDBACK q1_embers complete → text + sound
INPUT_TRACE BEFORE inject  R_just_pressed=false R_held=false jp=[] demo_fid=0
ANIM_RIG_WEAPON spawn actor=Player entity=658v0
QUEST_DIALOGUE fire id=dlg_maren_first_call trigger=on_objective
LOOK_FILL gen=V3 ambient=620 sky=1400lux@76deg bounce=1100lux@28deg rim=600lux@14deg contact_sky=true ev100=10.60
VFX campfire lit at (32.5,1.0,29.5)
LOOK_IBL gen=V3 nits=330
AUDIO_ZONE:Campfire t=0.00 pos=(32.5,2.6,32.5)
LOOK atmosphere spawned mode=lut aerial_max=72
AUDIO_PLAY:audio/player_respawn.wav t=0.00 pos=(0.0,0.0,0.0)
CAST_SPAWN who=maren root=665v0 body_boxes=24 gear_boxes=0 slots_filled=0/6 height=1.96b feet=(32.0,13.0,4.0) yaw=3.14
ANIM_RIG_NPC dressed entity=613v0 look=Villager
QUEST_AREA enter=spawn_shelter player=(32.5,32.5)
CAST_WEAR who=maren head=- torso=- legs=- hands=- weapon=- back=-
ANIM_RIG_NPC dressed entity=614v0 look=Villager
CAST_MATERIALS who=maren total=24 cloth=11 hair=4 skin=3 metal=2 wood=2 leather=1 glow=1
CAST_DRESSED id=maren placeholder_mesh=removed body=maren feet=(32.0,13.0,4.0)
CAST_SPAWN who=toma root=754v0 body_boxes=17 gear_boxes=0 slots_filled=0/6 height=1.34b feet=(16.0,3.0,24.0) yaw=3.14
CAST_WEAR who=toma head=- torso=- legs=- hands=- weapon=- back=-
CAST_MATERIALS who=toma total=17 cloth=8 skin=3 hair=3 wood=3
CAST_DRESSED id=toma placeholder_mesh=removed body=toma feet=(16.0,3.0,24.0)
CAST_SPAWN who=toma root=778v0 body_boxes=17 gear_boxes=0 slots_filled=0/6 height=1.34b feet=(16.5,3.0,24.5) yaw=-1.57
CAST_WEAR who=toma head=- torso=- legs=- hands=- weapon=- back=-
CAST_MATERIALS who=toma total=17 cloth=8 skin=3 hair=3 wood=3
CAST_SPAWN_NPC id=toma feet=(16.5,3.0,24.5) region=west_house
LOOK play FogVolume spawned density=0.030 (god-ray medium)
INPUT_TRACE AFTER  handler R_just_pressed=false R_held=false jp=[] demo_fid=0
LOOK tier=Ultra pcss=Some(12.0) shadow_map=4096 sun=66deg/205deg illum=20000 contact=true
INPUT_TRACE BEFORE inject  R_just_pressed=false R_held=false jp=[] demo_fid=0
ANIM_RIG_NPC dressed entity=802v0 look=Villager
VFX_RIG_WEAPON_TRAIL attach actor=Player entity=658v0
INPUT_TRACE AFTER  handler R_just_pressed=false R_held=false jp=[] demo_fid=0
INPUT_TRACE BEFORE inject  R_just_pressed=false R_held=false jp=[] demo_fid=0
INPUT_TRACE AFTER  handler R_just_pressed=false R_held=false jp=[] demo_fid=0
INPUT_TRACE BEFORE inject  R_just_pressed=false R_held=false jp=[] demo_fid=0
INPUT_TRACE AFTER  handler R_just_pressed=false R_held=false jp=[] demo_fid=0
INPUT_TRACE BEFORE inject  R_just_pressed=false R_held=false jp=[] demo_fid=0
INPUT_TRACE AFTER  handler R_just_pressed=false R_held=false jp=[] demo_fid=0
INPUT_TRACE BEFORE inject  R_just_pressed=false R_held=false jp=[] demo_fid=0
INPUT_TRACE AFTER  handler R_just_pressed=false R_held=false jp=[] demo_fid=0
INPUT_TRACE BEFORE inject  R_just_pressed=false R_held=false jp=[] demo_fid=0
INPUT_TRACE AFTER  handler R_just_pressed=false R_held=false jp=[] demo_fid=0
INPUT_TRACE BEFORE inject  R_just_pressed=false R_held=false jp=[] demo_fid=0
INPUT_TRACE AFTER  handler R_just_pressed=false R_held=false jp=[] demo_fid=0
INPUT_TRACE BEFORE inject  R_just_pressed=false R_held=false jp=[] demo_fid=0
INPUT_TRACE AFTER  handler R_just_pressed=false R_held=false jp=[] demo_fid=0
INPUT_TRACE BEFORE inject  R_just_pressed=false R_held=false jp=[] demo_fid=0
INPUT_TRACE AFTER  handler R_just_pressed=false R_held=false jp=[] demo_fid=0
INPUT_TRACE BEFORE inject  R_just_pressed=false R_held=false jp=[] demo_fid=0
INPUT_TRACE AFTER  handler R_just_pressed=false R_held=false jp=[] demo_fid=0
INPUT_TRACE BEFORE inject  R_just_pressed=false R_held=false jp=[] demo_fid=0
INPUT_TRACE AFTER  handler R_just_pressed=false R_held=false jp=[] demo_fid=0
INPUT_TRACE BEFORE inject  R_just_pressed=false R_held=false jp=[] demo_fid=0
INPUT_TRACE AFTER  handler R_just_pressed=false R_held=false jp=[] demo_fid=0
INPUT_TRACE BEFORE inject  R_just_pressed=false R_held=false jp=[] demo_fid=0
INPUT_TRACE AFTER  handler R_just_pressed=false R_held=false jp=[] demo_fid=0
INPUT_TRACE BEFORE inject  R_just_pressed=false R_held=false jp=[] demo_fid=0
INPUT_TRACE AFTER  handler R_just_pressed=false R_held=false jp=[] demo_fid=0
INPUT_TRACE BEFORE inject  R_just_pressed=false R_held=false jp=[] demo_fid=0
INPUT_TRACE AFTER  handler R_just_pressed=false R_held=false jp=[] demo_fid=0
INPUT_TRACE BEFORE inject  R_just_pressed=false R_held=false jp=[] demo_fid=0
INPUT_TRACE AFTER  handler R_just_pressed=false R_held=false jp=[] demo_fid=0
INPUT_TRACE BEFORE inject  R_just_pressed=false R_held=false jp=[] demo_fid=0
INPUT_TRACE AFTER  handler R_just_pressed=false R_held=false jp=[] demo_fid=0
INPUT_TRACE BEFORE inject  R_just_pressed=false R_held=false jp=[] demo_fid=0
INPUT_TRACE AFTER  handler R_just_pressed=false R_held=false jp=[] demo_fid=0
INPUT_TRACE BEFORE inject  R_just_pressed=false R_held=false jp=[] demo_fid=0
INPUT_TRACE AFTER  handler R_just_pressed=false R_held=false jp=[] demo_fid=0
INPUT_TRACE BEFORE inject  R_just_pressed=false R_held=false jp=[] demo_fid=0
INPUT_TRACE AFTER  handler R_just_pressed=false R_held=false jp=[] demo_fid=0
INPUT_TRACE BEFORE inject  R_just_pressed=false R_held=false jp=[] demo_fid=0
INPUT_TRACE AFTER  handler R_just_pressed=false R_held=false jp=[] demo_fid=0
INPUT_TRACE BEFORE inject  R_just_pressed=false R_held=false jp=[] demo_fid=0
INPUT_TRACE AFTER  handler R_just_pressed=false R_held=false jp=[] demo_fid=0
INPUT_TRACE BEFORE inject  R_just_pressed=false R_held=false jp=[] demo_fid=0
INPUT_TRACE AFTER  handler R_just_pressed=false R_held=false jp=[] demo_fid=0
INPUT_TRACE BEFORE inject  R_just_pressed=false R_held=false jp=[] demo_fid=0
INPUT_TRACE AFTER  handler R_just_pressed=false R_held=false jp=[] demo_fid=0
INPUT_TRACE BEFORE inject  R_just_pressed=false R_held=false jp=[] demo_fid=0
INPUT_TRACE AFTER  handler R_just_pressed=false R_held=false jp=[] demo_fid=0
INPUT_TRACE BEFORE inject  R_just_pressed=false R_held=false jp=[] demo_fid=0
INPUT_TRACE AFTER  handler R_just_pressed=false R_held=false jp=[] demo_fid=0
INPUT_TRACE BEFORE inject  R_just_pressed=false R_held=false jp=[] demo_fid=0
INPUT_TRACE AFTER  handler R_just_pressed=false R_held=false jp=[] demo_fid=0
INPUT_TRACE BEFORE inject  R_just_pressed=false R_held=false jp=[] demo_fid=0
INPUT_TRACE AFTER  handler R_just_pressed=false R_held=false jp=[] demo_fid=0
INPUT_TRACE BEFORE inject  R_just_pressed=false R_held=false jp=[] demo_fid=0
INPUT_TRACE AFTER  handler R_just_pressed=false R_held=false jp=[] demo_fid=0
INPUT_TRACE BEFORE inject  R_just_pressed=false R_held=false jp=[] demo_fid=0
INPUT_TRACE AFTER  handler R_just_pressed=false R_held=false jp=[] demo_fid=0
INPUT_TRACE BEFORE inject  R_just_pressed=false R_held=false jp=[] demo_fid=0
INPUT_TRACE AFTER  handler R_just_pressed=false R_held=false jp=[] demo_fid=0
INPUT_TRACE BEFORE inject  R_just_pressed=false R_held=false jp=[] demo_fid=0
INPUT_TRACE AFTER  handler R_just_pressed=false R_held=false jp=[] demo_fid=0
INPUT_TRACE BEFORE inject  R_just_pressed=false R_held=false jp=[] demo_fid=0
INPUT_TRACE AFTER  handler R_just_pressed=false R_held=false jp=[] demo_fid=0
INPUT_TRACE BEFORE inject  R_just_pressed=false R_held=false jp=[] demo_fid=0
INPUT_TRACE AFTER  handler R_just_pressed=false R_held=false jp=[] demo_fid=0
INPUT_TRACE BEFORE inject  R_just_pressed=false R_held=false jp=[] demo_fid=0
INPUT_TRACE AFTER  handler R_just_pressed=false R_held=false jp=[] demo_fid=0
INPUT_TRACE BEFORE inject  R_just_pressed=false R_held=false jp=[] demo_fid=0
INPUT_TRACE AFTER  handler R_just_pressed=false R_held=false jp=[] demo_fid=0
INPUT_TRACE BEFORE inject  R_just_pressed=false R_held=false jp=[] demo_fid=0
INPUT_TRACE AFTER  handler R_just_pressed=false R_held=false jp=[] demo_fid=0
INPUT_TRACE BEFORE inject  R_just_pressed=false R_held=false jp=[] demo_fid=0
INPUT_TRACE AFTER  handler R_just_pressed=false R_held=false jp=[] demo_fid=0
INPUT_TRACE BEFORE inject  R_just_pressed=false R_held=false jp=[] demo_fid=0
INPUT_TRACE AFTER  handler R_just_pressed=false R_held=false jp=[] demo_fid=0
INPUT_TRACE BEFORE inject  R_just_pressed=false R_held=false jp=[] demo_fid=0
INPUT_TRACE AFTER  handler R_just_pressed=false R_held=false jp=[] demo_fid=0
INPUT_TRACE BEFORE inject  R_just_pressed=false R_held=false jp=[] demo_fid=0
INPUT_TRACE AFTER  handler R_just_pressed=false R_held=false jp=[] demo_fid=0
INPUT_TRACE BEFORE inject  R_just_pressed=false R_held=false jp=[] demo_fid=0
INPUT_TRACE AFTER  handler R_just_pressed=false R_held=false jp=[] demo_fid=0
INPUT_TRACE BEFORE inject  R_just_pressed=false R_held=false jp=[] demo_fid=0
INPUT_TRACE AFTER  handler R_just_pressed=false R_held=false jp=[] demo_fid=0
INPUT_TRACE BEFORE inject  R_just_pressed=false R_held=false jp=[] demo_fid=0
INPUT_TRACE AFTER  handler R_just_pressed=false R_held=false jp=[] demo_fid=0
INPUT_TRACE BEFORE inject  R_just_pressed=false R_held=false jp=[] demo_fid=0
INPUT_TRACE AFTER  handler R_just_pressed=false R_held=false jp=[] demo_fid=0
INPUT_TRACE BEFORE inject  R_just_pressed=false R_held=false jp=[] demo_fid=0
INPUT_TRACE AFTER  handler R_just_pressed=false R_held=false jp=[] demo_fid=0
INPUT_TRACE BEFORE inject  R_just_pressed=false R_held=false jp=[] demo_fid=0
INPUT_TRACE AFTER  handler R_just_pressed=false R_held=false jp=[] demo_fid=0
INPUT_TRACE BEFORE inject  R_just_pressed=false R_held=false jp=[] demo_fid=0
INPUT_TRACE AFTER  handler R_just_pressed=false R_held=false jp=[] demo_fid=0
INPUT_TRACE BEFORE inject  R_just_pressed=false R_held=false jp=[] demo_fid=0
INPUT_TRACE AFTER  handler R_just_pressed=false R_held=false jp=[] demo_fid=0
INPUT_TRACE BEFORE inject  R_just_pressed=false R_held=false jp=[] demo_fid=0
INPUT_TRACE AFTER  handler R_just_pressed=false R_held=false jp=[] demo_fid=0
INPUT_TRACE BEFORE inject  R_just_pressed=false R_held=false jp=[] demo_fid=0
INPUT_TRACE AFTER  handler R_just_pressed=false R_held=false jp=[] demo_fid=0
INPUT_TRACE BEFORE inject  R_just_pressed=false R_held=false jp=[] demo_fid=0
INPUT_TRACE AFTER  handler R_just_pressed=false R_held=false jp=[] demo_fid=0
INPUT_TRACE BEFORE inject  R_just_pressed=false R_held=false jp=[] demo_fid=0
INPUT_TRACE AFTER  handler R_just_pressed=false R_held=false jp=[] demo_fid=0
INPUT_TRACE BEFORE inject  R_just_pressed=false R_held=false jp=[] demo_fid=0
INPUT_TRACE AFTER  handler R_just_pressed=false R_held=false jp=[] demo_fid=0
INPUT_TRACE BEFORE inject  R_just_pressed=false R_held=false jp=[] demo_fid=0
INPUT_TRACE AFTER  handler R_just_pressed=false R_held=false jp=[] demo_fid=0
INPUT_TRACE BEFORE inject  R_just_pressed=false R_held=false jp=[] demo_fid=0
INPUT_TRACE AFTER  handler R_just_pressed=false R_held=false jp=[] demo_fid=0
INPUT_TRACE BEFORE inject  R_just_pressed=false R_held=false jp=[] demo_fid=0
INPUT_TRACE AFTER  handler R_just_pressed=false R_held=false jp=[] demo_fid=0
INPUT_TRACE BEFORE inject  R_just_pressed=false R_held=false jp=[] demo_fid=0
INPUT_TRACE AFTER  handler R_just_pressed=false R_held=false jp=[] demo_fid=0
INPUT_TRACE BEFORE inject  R_just_pressed=false R_held=false jp=[] demo_fid=0
INPUT_TRACE AFTER  handler R_just_pressed=false R_held=false jp=[] demo_fid=0
INPUT_TRACE BEFORE inject  R_just_pressed=false R_held=false jp=[] demo_fid=0
INPUT_TRACE AFTER  handler R_just_pressed=false R_held=false jp=[] demo_fid=0
INPUT_TRACE BEFORE inject  R_just_pressed=false R_held=false jp=[] demo_fid=0
INPUT_TRACE AFTER  handler R_just_pressed=false R_held=false jp=[] demo_fid=0
INPUT_TRACE BEFORE inject  R_just_pressed=false R_held=false jp=[] demo_fid=0
INPUT_TRACE AFTER  handler R_just_pressed=false R_held=false jp=[] demo_fid=0
INPUT_TRACE BEFORE inject  R_just_pressed=false R_held=false jp=[] demo_fid=0
INPUT_TRACE AFTER  handler R_just_pressed=false R_held=false jp=[] demo_fid=0
INPUT_TRACE BEFORE inject  R_just_pressed=false R_held=false jp=[] demo_fid=0
INPUT_TRACE AFTER  handler R_just_pressed=false R_held=false jp=[] demo_fid=0
INPUT_TRACE BEFORE inject  R_just_pressed=false R_held=false jp=[] demo_fid=0
INPUT_TRACE AFTER  handler R_just_pressed=false R_held=false jp=[] demo_fid=0
INPUT_TRACE BEFORE inject  R_just_pressed=false R_held=false jp=[] demo_fid=0
INPUT_TRACE AFTER  handler R_just_pressed=false R_held=false jp=[] demo_fid=0
INPUT_TRACE BEFORE inject  R_just_pressed=false R_held=false jp=[] demo_fid=0
INPUT_TRACE AFTER  handler R_just_pressed=false R_held=false jp=[] demo_fid=0
INPUT_TRACE BEFORE inject  R_just_pressed=false R_held=false jp=[] demo_fid=0
INPUT_TRACE AFTER  handler R_just_pressed=false R_held=false jp=[] demo_fid=0
INPUT_TRACE BEFORE inject  R_just_pressed=false R_held=false jp=[] demo_fid=0
INPUT_TRACE AFTER  handler R_just_pressed=false R_held=false jp=[] demo_fid=0
INPUT_TRACE BEFORE inject  R_just_pressed=false R_held=false jp=[] demo_fid=0
INPUT_TRACE AFTER  handler R_just_pressed=false R_held=false jp=[] demo_fid=0
INPUT_TRACE BEFORE inject  R_just_pressed=false R_held=false jp=[] demo_fid=0
INPUT_TRACE AFTER  handler R_just_pressed=false R_held=false jp=[] demo_fid=0
INPUT_TRACE BEFORE inject  R_just_pressed=false R_held=false jp=[] demo_fid=0
INPUT_TRACE AFTER  handler R_just_pressed=false R_held=false jp=[] demo_fid=0
INPUT_TRACE BEFORE inject  R_just_pressed=false R_held=false jp=[] demo_fid=0
INPUT_TRACE AFTER  handler R_just_pressed=false R_held=false jp=[] demo_fid=0
INPUT_TRACE BEFORE inject  R_just_pressed=false R_held=false jp=[] demo_fid=0
INPUT_TRACE AFTER  handler R_just_pressed=false R_held=false jp=[] demo_fid=0
INPUT_TRACE BEFORE inject  R_just_pressed=false R_held=false jp=[] demo_fid=0
INPUT_TRACE AFTER  handler R_just_pressed=false R_held=false jp=[] demo_fid=0
INPUT_TRACE BEFORE inject  R_just_pressed=false R_held=false jp=[] demo_fid=0
INPUT_TRACE AFTER  handler R_just_pressed=false R_held=false jp=[] demo_fid=0
INPUT_TRACE BEFORE inject  R_just_pressed=false R_held=false jp=[] demo_fid=0
INPUT_TRACE AFTER  handler R_just_pressed=false R_held=false jp=[] demo_fid=0
INPUT_TRACE BEFORE inject  R_just_pressed=false R_held=false jp=[] demo_fid=0
INPUT_TRACE AFTER  handler R_just_pressed=false R_held=false jp=[] demo_fid=0
INPUT_TRACE BEFORE inject  R_just_pressed=false R_held=false jp=[] demo_fid=0
INPUT_TRACE AFTER  handler R_just_pressed=false R_held=false jp=[] demo_fid=0
INPUT_TRACE BEFORE inject  R_just_pressed=false R_held=false jp=[] demo_fid=0
INPUT_TRACE AFTER  handler R_just_pressed=false R_held=false jp=[] demo_fid=0
INPUT_TRACE BEFORE inject  R_just_pressed=false R_held=false jp=[] demo_fid=0
INPUT_TRACE AFTER  handler R_just_pressed=false R_held=false jp=[] demo_fid=0
INPUT_TRACE BEFORE inject  R_just_pressed=false R_held=false jp=[] demo_fid=0
INPUT_TRACE AFTER  handler R_just_pressed=false R_held=false jp=[] demo_fid=0
INPUT_TRACE BEFORE inject  R_just_pressed=false R_held=false jp=[] demo_fid=0
INPUT_TRACE AFTER  handler R_just_pressed=false R_held=false jp=[] demo_fid=0
INPUT_TRACE BEFORE inject  R_just_pressed=false R_held=false jp=[] demo_fid=0
INPUT_TRACE AFTER  handler R_just_pressed=false R_held=false jp=[] demo_fid=0
INPUT_TRACE BEFORE inject  R_just_pressed=false R_held=false jp=[] demo_fid=0
INPUT_TRACE AFTER  handler R_just_pressed=false R_held=false jp=[] demo_fid=0
INPUT_TRACE BEFORE inject  R_just_pressed=false R_held=false jp=[] demo_fid=0
INPUT_TRACE AFTER  handler R_just_pressed=false R_held=false jp=[] demo_fid=0
INPUT_TRACE BEFORE inject  R_just_pressed=false R_held=false jp=[] demo_fid=0
INPUT_TRACE AFTER  handler R_just_pressed=false R_held=false jp=[] demo_fid=0
INPUT_TRACE BEFORE inject  R_just_pressed=false R_held=false jp=[] demo_fid=0
INPUT_TRACE AFTER  handler R_just_pressed=false R_held=false jp=[] demo_fid=0
INPUT_TRACE BEFORE inject  R_just_pressed=false R_held=false jp=[] demo_fid=0
INPUT_TRACE AFTER  handler R_just_pressed=false R_held=false jp=[] demo_fid=0
INPUT_TRACE BEFORE inject  R_just_pressed=false R_held=false jp=[] demo_fid=0
INPUT_TRACE AFTER  handler R_just_pressed=false R_held=false jp=[] demo_fid=0
INPUT_TRACE BEFORE inject  R_just_pressed=false R_held=false jp=[] demo_fid=0
INPUT_TRACE AFTER  handler R_just_pressed=false R_held=false jp=[] demo_fid=0
INPUT_TRACE BEFORE inject  R_just_pressed=false R_held=false jp=[] demo_fid=0
INPUT_TRACE AFTER  handler R_just_pressed=false R_held=false jp=[] demo_fid=0
INPUT_TRACE BEFORE inject  R_just_pressed=false R_held=false jp=[] demo_fid=0
INPUT_TRACE AFTER  handler R_just_pressed=false R_held=false jp=[] demo_fid=0
INPUT_TRACE BEFORE inject  R_just_pressed=false R_held=false jp=[] demo_fid=0
INPUT_TRACE AFTER  handler R_just_pressed=false R_held=false jp=[] demo_fid=0
INPUT_TRACE BEFORE inject  R_just_pressed=false R_held=false jp=[] demo_fid=0
INPUT_TRACE AFTER  handler R_just_pressed=false R_held=false jp=[] demo_fid=0
INPUT_TRACE BEFORE inject  R_just_pressed=false R_held=false jp=[] demo_fid=0
INPUT_TRACE AFTER  handler R_just_pressed=false R_held=false jp=[] demo_fid=0
INPUT_TRACE BEFORE inject  R_just_pressed=false R_held=false jp=[] demo_fid=0
INPUT_TRACE AFTER  handler R_just_pressed=false R_held=false jp=[] demo_fid=0
INPUT_TRACE BEFORE inject  R_just_pressed=false R_held=false jp=[] demo_fid=0
INPUT_TRACE AFTER  handler R_just_pressed=false R_held=false jp=[] demo_fid=0
INPUT_TRACE BEFORE inject  R_just_pressed=false R_held=false jp=[] demo_fid=0
INPUT_TRACE AFTER  handler R_just_pressed=false R_held=false jp=[] demo_fid=0
INPUT_TRACE BEFORE inject  R_just_pressed=false R_held=false jp=[] demo_fid=0
INPUT_TRACE AFTER  handler R_just_pressed=false R_held=false jp=[] demo_fid=0
INPUT_TRACE BEFORE inject  R_just_pressed=false R_held=false jp=[] demo_fid=0
INPUT_TRACE AFTER  handler R_just_pressed=false R_held=false jp=[] demo_fid=0
INPUT_TRACE BEFORE inject  R_just_pressed=false R_held=false jp=[] demo_fid=0
INPUT_TRACE AFTER  handler R_just_pressed=false R_held=false jp=[] demo_fid=0
INPUT_TRACE BEFORE inject  R_just_pressed=false R_held=false jp=[] demo_fid=0
INPUT_TRACE AFTER  handler R_just_pressed=false R_held=false jp=[] demo_fid=0
INPUT_TRACE BEFORE inject  R_just_pressed=false R_held=false jp=[] demo_fid=0
INPUT_TRACE AFTER  handler R_just_pressed=false R_held=false jp=[] demo_fid=0
INPUT_TRACE BEFORE inject  R_just_pressed=false R_held=false jp=[] demo_fid=0
INPUT_TRACE AFTER  handler R_just_pressed=false R_held=false jp=[] demo_fid=0
INPUT_TRACE BEFORE inject  R_just_pressed=false R_held=false jp=[] demo_fid=0
INPUT_TRACE AFTER  handler R_just_pressed=false R_held=false jp=[] demo_fid=0
INPUT_TRACE BEFORE inject  R_just_pressed=false R_held=false jp=[] demo_fid=0
INPUT_TRACE AFTER  handler R_just_pressed=false R_held=false jp=[] demo_fid=0
INPUT_TRACE BEFORE inject  R_just_pressed=false R_held=false jp=[] demo_fid=0
SHOT saved to E:\Projects\bagidea-ai-agents-office\workspace\projects\Voxelforge\docs\look-ab-poppy-2026-08-18\control-onebinary\outdoor-noon_gen-v4.png
INPUT_TRACE AFTER  handler R_just_pressed=false R_held=false jp=[] demo_fid=0
INPUT_TRACE BEFORE inject  R_just_pressed=false R_held=false jp=[] demo_fid=0
INPUT_TRACE AFTER  handler R_just_pressed=false R_held=false jp=[] demo_fid=0
INPUT_TRACE BEFORE inject  R_just_pressed=false R_held=false jp=[] demo_fid=0
INPUT_TRACE AFTER  handler R_just_pressed=false R_held=false jp=[] demo_fid=0
INPUT_TRACE BEFORE inject  R_just_pressed=false R_held=false jp=[] demo_fid=0
INPUT_TRACE AFTER  handler R_just_pressed=false R_held=false jp=[] demo_fid=0
INPUT_TRACE BEFORE inject  R_just_pressed=false R_held=false jp=[] demo_fid=0
INPUT_TRACE AFTER  handler R_just_pressed=false R_held=false jp=[] demo_fid=0
INPUT_TRACE BEFORE inject  R_just_pressed=false R_held=false jp=[] demo_fid=0
INPUT_TRACE AFTER  handler R_just_pressed=false R_held=false jp=[] demo_fid=0
INPUT_TRACE BEFORE inject  R_just_pressed=false R_held=false jp=[] demo_fid=0
INPUT_TRACE AFTER  handler R_just_pressed=false R_held=false jp=[] demo_fid=0
INPUT_TRACE BEFORE inject  R_just_pressed=false R_held=false jp=[] demo_fid=0
INPUT_TRACE AFTER  handler R_just_pressed=false R_held=false jp=[] demo_fid=0
INPUT_TRACE BEFORE inject  R_just_pressed=false R_held=false jp=[] demo_fid=0
INPUT_TRACE AFTER  handler R_just_pressed=false R_held=false jp=[] demo_fid=0
INPUT_TRACE BEFORE inject  R_just_pressed=false R_held=false jp=[] demo_fid=0
INPUT_TRACE AFTER  handler R_just_pressed=false R_held=false jp=[] demo_fid=0
INPUT_TRACE BEFORE inject  R_just_pressed=false R_held=false jp=[] demo_fid=0
INPUT_TRACE AFTER  handler R_just_pressed=false R_held=false jp=[] demo_fid=0
INPUT_TRACE BEFORE inject  R_just_pressed=false R_held=false jp=[] demo_fid=0
INPUT_TRACE AFTER  handler R_just_pressed=false R_held=false jp=[] demo_fid=0
INPUT_TRACE BEFORE inject  R_just_pressed=false R_held=false jp=[] demo_fid=0
INPUT_TRACE AFTER  handler R_just_pressed=false R_held=false jp=[] demo_fid=0
INPUT_TRACE BEFORE inject  R_just_pressed=false R_held=false jp=[] demo_fid=0
INPUT_TRACE AFTER  handler R_just_pressed=false R_held=false jp=[] demo_fid=0
INPUT_TRACE BEFORE inject  R_just_pressed=false R_held=false jp=[] demo_fid=0
INPUT_TRACE AFTER  handler R_just_pressed=false R_held=false jp=[] demo_fid=0
INPUT_TRACE BEFORE inject  R_just_pressed=false R_held=false jp=[] demo_fid=0
INPUT_TRACE AFTER  handler R_just_pressed=false R_held=false jp=[] demo_fid=0
INPUT_TRACE BEFORE inject  R_just_pressed=false R_held=false jp=[] demo_fid=0
INPUT_TRACE AFTER  handler R_just_pressed=false R_held=false jp=[] demo_fid=0
INPUT_TRACE BEFORE inject  R_just_pressed=false R_held=false jp=[] demo_fid=0
INPUT_TRACE AFTER  handler R_just_pressed=false R_held=false jp=[] demo_fid=0
INPUT_TRACE BEFORE inject  R_just_pressed=false R_held=false jp=[] demo_fid=0
INPUT_TRACE AFTER  handler R_just_pressed=false R_held=false jp=[] demo_fid=0
INPUT_TRACE BEFORE inject  R_just_pressed=false R_held=false jp=[] demo_fid=0
INPUT_TRACE AFTER  handler R_just_pressed=false R_held=false jp=[] demo_fid=0
INPUT_TRACE BEFORE inject  R_just_pressed=false R_held=false jp=[] demo_fid=0
INPUT_TRACE AFTER  handler R_just_pressed=false R_held=false jp=[] demo_fid=0
INPUT_TRACE BEFORE inject  R_just_pressed=false R_held=false jp=[] demo_fid=0
INPUT_TRACE AFTER  handler R_just_pressed=false R_held=false jp=[] demo_fid=0
INPUT_TRACE BEFORE inject  R_just_pressed=false R_held=false jp=[] demo_fid=0
INPUT_TRACE AFTER  handler R_just_pressed=false R_held=false jp=[] demo_fid=0
INPUT_TRACE BEFORE inject  R_just_pressed=false R_held=false jp=[] demo_fid=0
INPUT_TRACE AFTER  handler R_just_pressed=false R_held=false jp=[] demo_fid=0
INPUT_TRACE BEFORE inject  R_just_pressed=false R_held=false jp=[] demo_fid=0
INPUT_TRACE AFTER  handler R_just_pressed=false R_held=false jp=[] demo_fid=0
INPUT_TRACE BEFORE inject  R_just_pressed=false R_held=false jp=[] demo_fid=0
INPUT_TRACE AFTER  handler R_just_pressed=false R_held=false jp=[] demo_fid=0
INPUT_TRACE BEFORE inject  R_just_pressed=false R_held=false jp=[] demo_fid=0
INPUT_TRACE AFTER  handler R_just_pressed=false R_held=false jp=[] demo_fid=0
INPUT_TRACE BEFORE inject  R_just_pressed=false R_held=false jp=[] demo_fid=0
INPUT_TRACE AFTER  handler R_just_pressed=false R_held=false jp=[] demo_fid=0
INPUT_TRACE BEFORE inject  R_just_pressed=false R_held=false jp=[] demo_fid=0
INPUT_TRACE AFTER  handler R_just_pressed=false R_held=false jp=[] demo_fid=0
INPUT_TRACE BEFORE inject  R_just_pressed=false R_held=false jp=[] demo_fid=0
INPUT_TRACE AFTER  handler R_just_pressed=false R_held=false jp=[] demo_fid=0
INPUT_TRACE BEFORE inject  R_just_pressed=false R_held=false jp=[] demo_fid=0
INPUT_TRACE AFTER  handler R_just_pressed=false R_held=false jp=[] demo_fid=0
INPUT_TRACE BEFORE inject  R_just_pressed=false R_held=false jp=[] demo_fid=0
INPUT_TRACE AFTER  handler R_just_pressed=false R_held=false jp=[] demo_fid=0
INPUT_TRACE BEFORE inject  R_just_pressed=false R_held=false jp=[] demo_fid=0
INPUT_TRACE AFTER  handler R_just_pressed=false R_held=false jp=[] demo_fid=0
INPUT_TRACE BEFORE inject  R_just_pressed=false R_held=false jp=[] demo_fid=0
INPUT_TRACE AFTER  handler R_just_pressed=false R_held=false jp=[] demo_fid=0
INPUT_TRACE BEFORE inject  R_just_pressed=false R_held=false jp=[] demo_fid=0
INPUT_TRACE AFTER  handler R_just_pressed=false R_held=false jp=[] demo_fid=0
INPUT_TRACE BEFORE inject  R_just_pressed=false R_held=false jp=[] demo_fid=0
INPUT_TRACE AFTER  handler R_just_pressed=false R_held=false jp=[] demo_fid=0
